<html>
<body>
<pre>
<h1>µVision Build Log</h1>
<h2>Tool Versions:</h2>
IDE-Version: ÂµVision V5.43.1.0
Copyright (C) 2025 ARM Ltd and ARM Germany GmbH. All rights reserved.
License Information: 2 lenovo, 22, LIC=RC93N-YASAC-EV21R-KIN7V-TD5AH-BUK83
 
Tool Versions:
Toolchain:       MDK-ARM Plus  Version: 5.43.0.0
Toolchain Path:  C:\Keil_v5\ARM\ARMCC\Bin
C Compiler:      Armcc.exe V5.06 update 5 (build 528)
Assembler:       Armasm.exe V5.06 update 5 (build 528)
Linker/Locator:  ArmLink.exe V5.06 update 5 (build 528)
Library Manager: ArmAr.exe V5.06 update 5 (build 528)
Hex Converter:   FromElf.exe V5.06 update 5 (build 528)
CPU DLL:         SARMCM3.DLL V5.43.0.0
Dialog DLL:      DCM.DLL V1.17.5.0
Target DLL:      STLink\ST-LINKIII-KEIL_SWO.dll V3.3.1.0
Dialog DLL:      TCM.DLL V1.56.6.0
 
<h2>Project:</h2>
F:\F103C8T6\DianSai_YuanSai\MDK-ARM\DianSai_YuanSai.uvprojx
Project File Date:  05/23/2026

<h2>Output:</h2>
*** Using Compiler 'V5.06 update 5 (build 528)', folder: 'C:\Keil_v5\ARM\ARMCC\Bin'
Build target 'DianSai_YuanSai'
assembling startup_stm32f407xx.s...
compiling stm32f4xx_hal_flash_ramfunc.c...
compiling stm32f4xx_hal_flash.c...
compiling tim.c...
compiling stm32f4xx_hal_flash_ex.c...
compiling main.c...
compiling stm32f4xx_hal_msp.c...
compiling gpio.c...
compiling stm32f4xx_hal_rcc_ex.c...
compiling stm32f4xx_it.c...
compiling stm32f4xx_hal_rcc.c...
compiling stm32f4xx_hal_i2c_ex.c...
compiling i2c.c...
compiling usart.c...
compiling stm32f4xx_hal_gpio.c...
compiling stm32f4xx_hal_i2c.c...
compiling system_stm32f4xx.c...
compiling stm32f4xx_hal_pwr_ex.c...
compiling stm32f4xx_hal_dma.c...
compiling stm32f4xx_hal_cortex.c...
compiling stm32f4xx_hal_pwr.c...
compiling stm32f4xx_hal_exti.c...
compiling stm32f4xx_hal.c...
compiling stm32f4xx_hal_dma_ex.c...
compiling stm32f4xx_hal_tim_ex.c...
compiling stm32f4xx_hal_uart.c...
compiling stm32f4xx_hal_tim.c...
linking...
Program Size: Code=7162 RO-data=450 RW-data=16 ZI-data=2304  
FromELF: creating hex file...
"DianSai_YuanSai\DianSai_YuanSai.axf" - 0 Error(s), 0 Warning(s).

<h2>Software Packages used:</h2>

Package Vendor: ARM
                http://www.keil.com/pack/ARM.CMSIS.5.7.0.pack
                ARM::CMSIS@5.7.0
                CMSIS (Cortex Microcontroller Software Interface Standard)
   * Component: CORE Version: 5.4.0

Package Vendor: Keil
                https://www.keil.com/pack/Keil.STM32F4xx_DFP.3.1.1.pack
                Keil::STM32F4xx_DFP@3.1.1
                STMicroelectronics STM32F4 Series Device Support

<h2>Collection of Component include folders:</h2>
  ./ARM/CMSIS/5.7.0/CMSIS/Core/Include
  ./RTE/_DianSai_YuanSai

<h2>Collection of Component Files used:</h2>

   * Component: ARM::CMSIS:CORE@5.4.0
      Include file:  CMSIS/Core/Include/tz_context.h
Build Time Elapsed:  00:00:12
</pre>
</body>
</html>
