<html>
<body>
<pre>
<h1>µVision Build Log</h1>
<h2>Tool Versions:</h2>
IDE-Version: ÂµVision V5.43.1.0
Copyright (C) 2025 ARM Ltd and ARM Germany GmbH. All rights reserved.
License Information: 2 lenovo, 22, LIC=RC93N-YASAC-EV21R-KIN7V-TD5AH-BUK83
 
Tool Versions:
Toolchain:       MDK-ARM Plus  Version: 5.43.0.0
Toolchain Path:  C:\Keil_v5\ARM\ARMCC\Bin
C Compiler:      Armcc.exe V5.06 update 5 (build 528)
Assembler:       Armasm.exe V5.06 update 5 (build 528)
Linker/Locator:  ArmLink.exe V5.06 update 5 (build 528)
Library Manager: ArmAr.exe V5.06 update 5 (build 528)
Hex Converter:   FromElf.exe V5.06 update 5 (build 528)
CPU DLL:         SARMCM3.DLL V5.43.0.0
Dialog DLL:      DCM.DLL V1.17.5.0
Target DLL:      STLink\ST-LINKIII-KEIL_SWO.dll V3.3.1.0
Dialog DLL:      TCM.DLL V1.56.6.0
 
<h2>Project:</h2>
F:\F103C8T6\DianSai_YuanSai\MDK-ARM\DianSai_YuanSai.uvprojx
Project File Date:  05/26/2026

<h2>Output:</h2>
*** Using Compiler 'V5.06 update 5 (build 528)', folder: 'C:\Keil_v5\ARM\ARMCC\Bin'
Build target 'DianSai_YuanSai'
compiling tracing.c...
..\User_Code\motor.h(5): warning:  #1295-D: Deprecated declaration EncoderA_Get_CNT - give arg types
  int16_t EncoderA_Get_CNT();
..\User_Code\motor.h(6): warning:  #1295-D: Deprecated declaration EncoderB_Get_CNT - give arg types
  int16_t EncoderB_Get_CNT();
..\User_Code\tracing.c(178): warning:  #1-D: last line of file ends without a newline
  }
..\User_Code\tracing.c: 3 warnings, 0 errors
compiling Serial.c...
..\User_Code\motor.h(5): warning:  #1295-D: Deprecated declaration EncoderA_Get_CNT - give arg types
  int16_t EncoderA_Get_CNT();
..\User_Code\motor.h(6): warning:  #1295-D: Deprecated declaration EncoderB_Get_CNT - give arg types
  int16_t EncoderB_Get_CNT();
..\User_Code\Serial.c: 2 warnings, 0 errors
compiling motor.c...
..\User_Code\motor.h(5): warning:  #1295-D: Deprecated declaration EncoderA_Get_CNT - give arg types
  int16_t EncoderA_Get_CNT();
..\User_Code\motor.h(6): warning:  #1295-D: Deprecated declaration EncoderB_Get_CNT - give arg types
  int16_t EncoderB_Get_CNT();
..\User_Code\motor.c(156): warning:  #1-D: last line of file ends without a newline
  }
..\User_Code\motor.c: 3 warnings, 0 errors
compiling test.c...
..\User_Code\motor.h(5): warning:  #1295-D: Deprecated declaration EncoderA_Get_CNT - give arg types
  int16_t EncoderA_Get_CNT();
..\User_Code\motor.h(6): warning:  #1295-D: Deprecated declaration EncoderB_Get_CNT - give arg types
  int16_t EncoderB_Get_CNT();
..\User_Code\test.c: 2 warnings, 0 errors
compiling main.c...
../User_Code/motor.h(5): warning:  #1295-D: Deprecated declaration EncoderA_Get_CNT - give arg types
  int16_t EncoderA_Get_CNT();
../User_Code/motor.h(6): warning:  #1295-D: Deprecated declaration EncoderB_Get_CNT - give arg types
  int16_t EncoderB_Get_CNT();
../Core/Src/main.c: 2 warnings, 0 errors
linking...
Program Size: Code=19070 RO-data=2522 RW-data=88 ZI-data=2448  
FromELF: creating hex file...
"DianSai_YuanSai\DianSai_YuanSai.axf" - 0 Error(s), 12 Warning(s).

<h2>Software Packages used:</h2>

Package Vendor: ARM
                http://www.keil.com/pack/ARM.CMSIS.5.7.0.pack
                ARM::CMSIS@5.7.0
                CMSIS (Cortex Microcontroller Software Interface Standard)
   * Component: CORE Version: 5.4.0

Package Vendor: Keil
                https://www.keil.com/pack/Keil.STM32F4xx_DFP.3.1.1.pack
                Keil::STM32F4xx_DFP@3.1.1
                STMicroelectronics STM32F4 Series Device Support

<h2>Collection of Component include folders:</h2>
  ./ARM/CMSIS/5.7.0/CMSIS/Core/Include
  ./RTE/_DianSai_YuanSai

<h2>Collection of Component Files used:</h2>

   * Component: ARM::CMSIS:CORE@5.4.0
      Include file:  CMSIS/Core/Include/tz_context.h
Build Time Elapsed:  00:00:08
</pre>
</body>
</html>
